▲ Next.js 16.1.6 (Turbopack)
- Environments: .env

  Creating an optimized production build ...
✓ Compiled successfully in 5.9s
  Running TypeScript ...
  Collecting page data using 7 workers ...
  Generating static pages using 7 workers (0/11) ...
  Generating static pages using 7 workers (2/11) 
  Generating static pages using 7 workers (5/11) 
  Generating static pages using 7 workers (8/11) 
✓ Generating static pages using 7 workers (11/11) in 417.6ms
  Finalizing page optimization ...

Route (app)
┌ ○ /
├ ○ /_not-found
├ ƒ /api/campaigns
├ ƒ /api/campaigns/[id]
├ ƒ /api/cron/send-messages
├ ƒ /api/leads
├ ƒ /api/leads/[id]
├ ƒ /api/leads/import
├ ○ /campaigns
├ ƒ /campaigns/[id]/edit
├ ○ /campaigns/new
└ ○ /leads


○  (Static)   prerendered as static content
ƒ  (Dynamic)  server-rendered on demand

